// Jest Snapshot v1, https://goo.gl/fbAQLP

exports[`renders the UI as expected 1`] = `
<li
  className="chat-message"
>
  <img
    alt="avatar"
    src="https://robohash.org/itaquevoluptatumrerum.jpg?size=200x200&set=set1"
  />
  ,
  <div
    className="byline"
  >
    <span
      className="participant-name"
    >
      Koren Templeton
    </span>
    <span
      className="eventTime"
    >
      Wed Jan 30 2019
    </span>
  </div>
  ,
  <div
    className="message-text"
  >
    Hello world
  </div>
</li>
`;
